>4
PC <- 2
ACC <- 0

PC <- 4
ACC <- 4

PC <- 6
ACC <- 2

PC <- 8
ACC <- 2

PC <- 10
ACC <- 4

PC <- 12
ACC <- 4

PC <- 14
ACC <- 4

PC <- 16
ACC <- 0

PC <- 18
ACC <- 0

PC <- 20
ACC <- 0
OUTPUT: 0

PC <- 23
ACC <- 0

PC <- 25
ACC <- 2

PC <- 4
ACC <- 2

PC <- 6
ACC <- 1

PC <- 8
ACC <- 1

PC <- 10
ACC <- 2

PC <- 12
ACC <- 2

PC <- 14
ACC <- 2

PC <- 16
ACC <- 0

PC <- 18
ACC <- 0

PC <- 20
ACC <- 0
OUTPUT: 0

PC <- 23
ACC <- 0

PC <- 25
ACC <- 1

PC <- 4
ACC <- 1

PC <- 6
ACC <- 0

PC <- 8
ACC <- 0

PC <- 10
ACC <- 0

PC <- 12
ACC <- 0

PC <- 14
ACC <- 1

PC <- 16
ACC <- 1

PC <- 18
ACC <- 1

PC <- 20
ACC <- 1
OUTPUT: 1

PC <- 23
ACC <- 1

PC <- 25
ACC <- 0

PC <- 27
ACC <- 0

PC <- 28
ACC <- 0

